2026-09-15 09:08:51.081: [INFO] CurrentProfilePath: D:\JavaDevelopment\05. JDBC\.metadata\.plugins\org.eclipse.swt\EBWebView\Default
2026-09-15 09:08:51.081: [INFO] Profiles total count: 1
2026-09-15 09:08:51.081: [INFO] Profile: name=Profile 1 path=D:\JavaDevelopment\05. JDBC\.metadata\.plugins\org.eclipse.swt\EBWebView\Default lastActive=null
2026-09-15 09:08:51.081: [INFO] LastUsedProfileDir: D:\JavaDevelopment\05. JDBC\.metadata\.plugins\org.eclipse.swt\EBWebView\Default
2026-09-15 09:08:51.081: [INFO] OnDoneLoading sync enabled: 0
2026-09-15 09:08:51.081: [INFO] BookmarkModelLoaded, ids_reassigned: 0
2026-09-15 09:08:51.081: [INFO] BookmarksLoadDropped droppedNodes=0
2026-09-15 09:08:51.081: [INFO] BookmarksSnapshot Startup total=0 bar=0 other=0 mobile=0 showBar=0 showBarNTP=1
2026-09-15 09:09:00.675: [INFO] BookmarksSnapshot Shutdown total=0 bar=0 other=0 mobile=0 showBar=0 showBarNTP=1
2026-09-15 09:17:29.596: [INFO] CurrentProfilePath: D:\JavaDevelopment\05. JDBC\.metadata\.plugins\org.eclipse.swt\EBWebView\Default
2026-09-15 09:17:29.596: [INFO] Profiles total count: 1
2026-09-15 09:17:29.596: [INFO] Profile: name=Profile 1 path=D:\JavaDevelopment\05. JDBC\.metadata\.plugins\org.eclipse.swt\EBWebView\Default lastActive=2026-09-15T09:08:51.897Z
2026-09-15 09:17:29.596: [INFO] LastUsedProfileDir: D:\JavaDevelopment\05. JDBC\.metadata\.plugins\org.eclipse.swt\EBWebView\Default
2026-09-15 09:17:29.596: [INFO] MostRecentlyActiveProfile: name=Profile 1 path=D:\JavaDevelopment\05. JDBC\.metadata\.plugins\org.eclipse.swt\EBWebView\Default lastActive=2026-09-15T09:08:51.897Z
2026-09-15 09:17:29.596: [INFO] OnDoneLoading sync enabled: 0
2026-09-15 09:17:29.596: [INFO] BookmarkModelLoaded, ids_reassigned: 0
2026-09-15 09:17:29.596: [INFO] BookmarksLoadDropped droppedNodes=0
2026-09-15 09:17:29.596: [INFO] BookmarksSnapshot Startup total=0 bar=0 other=0 mobile=0 showBar=0 showBarNTP=1
2026-09-15 09:17:37.663: [INFO] BookmarksSnapshot Shutdown total=0 bar=0 other=0 mobile=0 showBar=0 showBarNTP=1
2026-09-15 10:15:17.020: [INFO] CurrentProfilePath: D:\JavaDevelopment\05. JDBC\.metadata\.plugins\org.eclipse.swt\EBWebView\Default
2026-09-15 10:15:17.020: [INFO] Profiles total count: 1
2026-09-15 10:15:17.020: [INFO] Profile: name=Profile 1 path=D:\JavaDevelopment\05. JDBC\.metadata\.plugins\org.eclipse.swt\EBWebView\Default lastActive=2026-09-15T09:08:51.897Z
2026-09-15 10:15:17.020: [INFO] LastUsedProfileDir: D:\JavaDevelopment\05. JDBC\.metadata\.plugins\org.eclipse.swt\EBWebView\Default
2026-09-15 10:15:17.020: [INFO] MostRecentlyActiveProfile: name=Profile 1 path=D:\JavaDevelopment\05. JDBC\.metadata\.plugins\org.eclipse.swt\EBWebView\Default lastActive=2026-09-15T09:08:51.897Z
2026-09-15 10:15:17.020: [INFO] OnDoneLoading sync enabled: 0
2026-09-15 10:15:17.020: [INFO] BookmarkModelLoaded, ids_reassigned: 0
2026-09-15 10:15:17.020: [INFO] BookmarksLoadDropped droppedNodes=0
2026-09-15 10:15:17.020: [INFO] BookmarksSnapshot Startup total=0 bar=0 other=0 mobile=0 showBar=0 showBarNTP=1
2026-09-15 10:17:23.071: [INFO] BookmarksSnapshot Shutdown total=0 bar=0 other=0 mobile=0 showBar=0 showBarNTP=1
2026-09-15 10:20:27.241: [INFO] CurrentProfilePath: D:\JavaDevelopment\05. JDBC\.metadata\.plugins\org.eclipse.swt\EBWebView\Default
2026-09-15 10:20:27.241: [INFO] Profiles total count: 1
2026-09-15 10:20:27.241: [INFO] Profile: name=Profile 1 path=D:\JavaDevelopment\05. JDBC\.metadata\.plugins\org.eclipse.swt\EBWebView\Default lastActive=2026-09-15T09:08:51.897Z
2026-09-15 10:20:27.241: [INFO] LastUsedProfileDir: D:\JavaDevelopment\05. JDBC\.metadata\.plugins\org.eclipse.swt\EBWebView\Default
2026-09-15 10:20:27.241: [INFO] MostRecentlyActiveProfile: name=Profile 1 path=D:\JavaDevelopment\05. JDBC\.metadata\.plugins\org.eclipse.swt\EBWebView\Default lastActive=2026-09-15T09:08:51.897Z
2026-09-15 10:20:27.241: [INFO] OnDoneLoading sync enabled: 0
2026-09-15 10:20:27.241: [INFO] BookmarkModelLoaded, ids_reassigned: 0
2026-09-15 10:20:27.241: [INFO] BookmarksLoadDropped droppedNodes=0
2026-09-15 10:20:27.241: [INFO] BookmarksSnapshot Startup total=0 bar=0 other=0 mobile=0 showBar=0 showBarNTP=1
2026-09-15 10:20:39.669: [INFO] BookmarksSnapshot Shutdown total=0 bar=0 other=0 mobile=0 showBar=0 showBarNTP=1
2026-09-15 10:22:27.983: [INFO] CurrentProfilePath: D:\JavaDevelopment\05. JDBC\.metadata\.plugins\org.eclipse.swt\EBWebView\Default
2026-09-15 10:22:27.983: [INFO] Profiles total count: 1
2026-09-15 10:22:27.983: [INFO] Profile: name=Profile 1 path=D:\JavaDevelopment\05. JDBC\.metadata\.plugins\org.eclipse.swt\EBWebView\Default lastActive=2026-09-15T09:08:51.897Z
2026-09-15 10:22:27.983: [INFO] LastUsedProfileDir: D:\JavaDevelopment\05. JDBC\.metadata\.plugins\org.eclipse.swt\EBWebView\Default
2026-09-15 10:22:27.983: [INFO] MostRecentlyActiveProfile: name=Profile 1 path=D:\JavaDevelopment\05. JDBC\.metadata\.plugins\org.eclipse.swt\EBWebView\Default lastActive=2026-09-15T09:08:51.897Z
2026-09-15 10:22:27.983: [INFO] OnDoneLoading sync enabled: 0
2026-09-15 10:22:27.983: [INFO] BookmarkModelLoaded, ids_reassigned: 0
2026-09-15 10:22:27.983: [INFO] BookmarksLoadDropped droppedNodes=0
2026-09-15 10:22:27.983: [INFO] BookmarksSnapshot Startup total=0 bar=0 other=0 mobile=0 showBar=0 showBarNTP=1
2026-09-15 10:22:30.859: [INFO] BookmarksSnapshot Shutdown total=0 bar=0 other=0 mobile=0 showBar=0 showBarNTP=1
2026-09-15 10:26:39.904: [INFO] CurrentProfilePath: D:\JavaDevelopment\05. JDBC\.metadata\.plugins\org.eclipse.swt\EBWebView\Default
2026-09-15 10:26:39.904: [INFO] Profiles total count: 1
2026-09-15 10:26:39.904: [INFO] Profile: name=Profile 1 path=D:\JavaDevelopment\05. JDBC\.metadata\.plugins\org.eclipse.swt\EBWebView\Default lastActive=2026-09-15T09:08:51.897Z
2026-09-15 10:26:39.904: [INFO] LastUsedProfileDir: D:\JavaDevelopment\05. JDBC\.metadata\.plugins\org.eclipse.swt\EBWebView\Default
2026-09-15 10:26:39.904: [INFO] MostRecentlyActiveProfile: name=Profile 1 path=D:\JavaDevelopment\05. JDBC\.metadata\.plugins\org.eclipse.swt\EBWebView\Default lastActive=2026-09-15T09:08:51.897Z
2026-09-15 10:26:39.904: [INFO] OnDoneLoading sync enabled: 0
2026-09-15 10:26:39.904: [INFO] BookmarkModelLoaded, ids_reassigned: 0
2026-09-15 10:26:39.904: [INFO] BookmarksLoadDropped droppedNodes=0
2026-09-15 10:26:39.904: [INFO] BookmarksSnapshot Startup total=0 bar=0 other=0 mobile=0 showBar=0 showBarNTP=1
2026-09-15 10:26:43.346: [INFO] BookmarksSnapshot Shutdown total=0 bar=0 other=0 mobile=0 showBar=0 showBarNTP=1
2026-09-15 10:26:45.172: [INFO] CurrentProfilePath: D:\JavaDevelopment\05. JDBC\.metadata\.plugins\org.eclipse.swt\EBWebView\Default
2026-09-15 10:26:45.172: [INFO] Profiles total count: 1
2026-09-15 10:26:45.172: [INFO] Profile: name=Profile 1 path=D:\JavaDevelopment\05. JDBC\.metadata\.plugins\org.eclipse.swt\EBWebView\Default lastActive=2026-09-15T09:08:51.897Z
2026-09-15 10:26:45.172: [INFO] LastUsedProfileDir: D:\JavaDevelopment\05. JDBC\.metadata\.plugins\org.eclipse.swt\EBWebView\Default
2026-09-15 10:26:45.172: [INFO] MostRecentlyActiveProfile: name=Profile 1 path=D:\JavaDevelopment\05. JDBC\.metadata\.plugins\org.eclipse.swt\EBWebView\Default lastActive=2026-09-15T09:08:51.897Z
2026-09-15 10:26:45.172: [INFO] OnDoneLoading sync enabled: 0
2026-09-15 10:26:45.172: [INFO] BookmarkModelLoaded, ids_reassigned: 0
2026-09-15 10:26:45.172: [INFO] BookmarksLoadDropped droppedNodes=0
2026-09-15 10:26:45.172: [INFO] BookmarksSnapshot Startup total=0 bar=0 other=0 mobile=0 showBar=0 showBarNTP=1
2026-09-15 10:26:50.720: [INFO] BookmarksSnapshot Shutdown total=0 bar=0 other=0 mobile=0 showBar=0 showBarNTP=1
2026-09-15 10:28:56.191: [INFO] CurrentProfilePath: D:\JavaDevelopment\05. JDBC\.metadata\.plugins\org.eclipse.swt\EBWebView\Default
2026-09-15 10:28:56.191: [INFO] Profiles total count: 1
2026-09-15 10:28:56.191: [INFO] Profile: name=Profile 1 path=D:\JavaDevelopment\05. JDBC\.metadata\.plugins\org.eclipse.swt\EBWebView\Default lastActive=2026-09-15T09:08:51.897Z
2026-09-15 10:28:56.191: [INFO] LastUsedProfileDir: D:\JavaDevelopment\05. JDBC\.metadata\.plugins\org.eclipse.swt\EBWebView\Default
2026-09-15 10:28:56.191: [INFO] MostRecentlyActiveProfile: name=Profile 1 path=D:\JavaDevelopment\05. JDBC\.metadata\.plugins\org.eclipse.swt\EBWebView\Default lastActive=2026-09-15T09:08:51.897Z
2026-09-15 10:28:56.191: [INFO] OnDoneLoading sync enabled: 0
2026-09-15 10:28:56.191: [INFO] BookmarkModelLoaded, ids_reassigned: 0
2026-09-15 10:28:56.191: [INFO] BookmarksLoadDropped droppedNodes=0
2026-09-15 10:28:56.191: [INFO] BookmarksSnapshot Startup total=0 bar=0 other=0 mobile=0 showBar=0 showBarNTP=1
2026-09-15 10:29:00.975: [INFO] BookmarksSnapshot Shutdown total=0 bar=0 other=0 mobile=0 showBar=0 showBarNTP=1
2026-09-15 10:31:30.770: [INFO] CurrentProfilePath: D:\JavaDevelopment\05. JDBC\.metadata\.plugins\org.eclipse.swt\EBWebView\Default
2026-09-15 10:31:30.770: [INFO] Profiles total count: 1
2026-09-15 10:31:30.770: [INFO] Profile: name=Profile 1 path=D:\JavaDevelopment\05. JDBC\.metadata\.plugins\org.eclipse.swt\EBWebView\Default lastActive=2026-09-15T09:08:51.897Z
2026-09-15 10:31:30.770: [INFO] LastUsedProfileDir: D:\JavaDevelopment\05. JDBC\.metadata\.plugins\org.eclipse.swt\EBWebView\Default
2026-09-15 10:31:30.770: [INFO] MostRecentlyActiveProfile: name=Profile 1 path=D:\JavaDevelopment\05. JDBC\.metadata\.plugins\org.eclipse.swt\EBWebView\Default lastActive=2026-09-15T09:08:51.897Z
2026-09-15 10:31:30.770: [INFO] OnDoneLoading sync enabled: 0
2026-09-15 10:31:30.770: [INFO] BookmarkModelLoaded, ids_reassigned: 0
2026-09-15 10:31:30.770: [INFO] BookmarksLoadDropped droppedNodes=0
2026-09-15 10:31:30.770: [INFO] BookmarksSnapshot Startup total=0 bar=0 other=0 mobile=0 showBar=0 showBarNTP=1
2026-09-15 10:31:37.952: [INFO] BookmarksSnapshot Shutdown total=0 bar=0 other=0 mobile=0 showBar=0 showBarNTP=1
2026-09-15 10:34:27.470: [INFO] CurrentProfilePath: D:\JavaDevelopment\05. JDBC\.metadata\.plugins\org.eclipse.swt\EBWebView\Default
2026-09-15 10:34:27.470: [INFO] Profiles total count: 1
2026-09-15 10:34:27.470: [INFO] Profile: name=Profile 1 path=D:\JavaDevelopment\05. JDBC\.metadata\.plugins\org.eclipse.swt\EBWebView\Default lastActive=2026-09-15T09:08:51.897Z
2026-09-15 10:34:27.470: [INFO] LastUsedProfileDir: D:\JavaDevelopment\05. JDBC\.metadata\.plugins\org.eclipse.swt\EBWebView\Default
2026-09-15 10:34:27.470: [INFO] MostRecentlyActiveProfile: name=Profile 1 path=D:\JavaDevelopment\05. JDBC\.metadata\.plugins\org.eclipse.swt\EBWebView\Default lastActive=2026-09-15T09:08:51.897Z
2026-09-15 10:34:27.470: [INFO] OnDoneLoading sync enabled: 0
2026-09-15 10:34:27.470: [INFO] BookmarkModelLoaded, ids_reassigned: 0
2026-09-15 10:34:27.470: [INFO] BookmarksLoadDropped droppedNodes=0
2026-09-15 10:34:27.470: [INFO] BookmarksSnapshot Startup total=0 bar=0 other=0 mobile=0 showBar=0 showBarNTP=1
2026-09-15 10:34:56.341: [INFO] BookmarksSnapshot Shutdown total=0 bar=0 other=0 mobile=0 showBar=0 showBarNTP=1
2026-09-15 10:37:43.922: [INFO] CurrentProfilePath: D:\JavaDevelopment\05. JDBC\.metadata\.plugins\org.eclipse.swt\EBWebView\Default
2026-09-15 10:37:43.922: [INFO] Profiles total count: 1
2026-09-15 10:37:43.922: [INFO] Profile: name=Profile 1 path=D:\JavaDevelopment\05. JDBC\.metadata\.plugins\org.eclipse.swt\EBWebView\Default lastActive=2026-09-15T09:08:51.897Z
2026-09-15 10:37:43.922: [INFO] LastUsedProfileDir: D:\JavaDevelopment\05. JDBC\.metadata\.plugins\org.eclipse.swt\EBWebView\Default
2026-09-15 10:37:43.922: [INFO] MostRecentlyActiveProfile: name=Profile 1 path=D:\JavaDevelopment\05. JDBC\.metadata\.plugins\org.eclipse.swt\EBWebView\Default lastActive=2026-09-15T09:08:51.897Z
2026-09-15 10:37:43.922: [INFO] OnDoneLoading sync enabled: 0
2026-09-15 10:37:43.922: [INFO] BookmarkModelLoaded, ids_reassigned: 0
2026-09-15 10:37:43.922: [INFO] BookmarksLoadDropped droppedNodes=0
2026-09-15 10:37:43.922: [INFO] BookmarksSnapshot Startup total=0 bar=0 other=0 mobile=0 showBar=0 showBarNTP=1
2026-09-15 10:50:52.101: [INFO] BookmarksSnapshot Shutdown total=0 bar=0 other=0 mobile=0 showBar=0 showBarNTP=1
2026-09-15 10:51:01.903: [INFO] CurrentProfilePath: D:\JavaDevelopment\05. JDBC\.metadata\.plugins\org.eclipse.swt\EBWebView\Default
2026-09-15 10:51:01.903: [INFO] Profiles total count: 1
2026-09-15 10:51:01.903: [INFO] Profile: name=Profile 1 path=D:\JavaDevelopment\05. JDBC\.metadata\.plugins\org.eclipse.swt\EBWebView\Default lastActive=2026-09-15T09:08:51.897Z
2026-09-15 10:51:01.903: [INFO] LastUsedProfileDir: D:\JavaDevelopment\05. JDBC\.metadata\.plugins\org.eclipse.swt\EBWebView\Default
2026-09-15 10:51:01.903: [INFO] MostRecentlyActiveProfile: name=Profile 1 path=D:\JavaDevelopment\05. JDBC\.metadata\.plugins\org.eclipse.swt\EBWebView\Default lastActive=2026-09-15T09:08:51.897Z
2026-09-15 10:51:01.903: [INFO] OnDoneLoading sync enabled: 0
2026-09-15 10:51:01.903: [INFO] BookmarkModelLoaded, ids_reassigned: 0
2026-09-15 10:51:01.903: [INFO] BookmarksLoadDropped droppedNodes=0
2026-09-15 10:51:01.903: [INFO] BookmarksSnapshot Startup total=0 bar=0 other=0 mobile=0 showBar=0 showBarNTP=1
2026-09-15 11:31:12.142: [INFO] BookmarksSnapshot Shutdown total=0 bar=0 other=0 mobile=0 showBar=0 showBarNTP=1
2026-09-15 11:35:33.011: [INFO] CurrentProfilePath: D:\JavaDevelopment\05. JDBC\.metadata\.plugins\org.eclipse.swt\EBWebView\Default
2026-09-15 11:35:33.011: [INFO] Profiles total count: 1
2026-09-15 11:35:33.011: [INFO] Profile: name=Profile 1 path=D:\JavaDevelopment\05. JDBC\.metadata\.plugins\org.eclipse.swt\EBWebView\Default lastActive=2026-09-15T11:16:00.663Z
2026-09-15 11:35:33.011: [INFO] LastUsedProfileDir: D:\JavaDevelopment\05. JDBC\.metadata\.plugins\org.eclipse.swt\EBWebView\Default
2026-09-15 11:35:33.011: [INFO] MostRecentlyActiveProfile: name=Profile 1 path=D:\JavaDevelopment\05. JDBC\.metadata\.plugins\org.eclipse.swt\EBWebView\Default lastActive=2026-09-15T11:16:00.663Z
2026-09-15 11:35:33.011: [INFO] OnDoneLoading sync enabled: 0
2026-09-15 11:35:33.011: [INFO] BookmarkModelLoaded, ids_reassigned: 0
2026-09-15 11:35:33.011: [INFO] BookmarksLoadDropped droppedNodes=0
2026-09-15 11:35:33.011: [INFO] BookmarksSnapshot Startup total=0 bar=0 other=0 mobile=0 showBar=0 showBarNTP=1
2026-09-15 12:40:11.099: [INFO] BookmarksSnapshot Shutdown total=0 bar=0 other=0 mobile=0 showBar=0 showBarNTP=1
